// 重构日志: fdd904e6
// 重构日志: 25b1a045
// 重构日志: 877dcab9
// 重构日志: cdc9b634
// 重构日志: b4de84c8
// 重构日志: c05c55cf
// 重构日志: d62b4044
// 重构日志: fdfa11b0
// 同步 ID: d5952c96 @ Mon Jul 20 02:01:34 UTC 2026
// 重构日志: 0fb432bb
// 同步 ID: 5433fded @ Tue Jul 21 08:03:15 UTC 2026
// 同步 ID: d3d36c34 @ Tue Jul 21 17:49:16 UTC 2026
// 重构日志: d8019f1b
// 重构日志: e8800143
// 重构日志: bb9a2b63
// 重构日志: 355f5ed3
// 重构日志: 15c55be2
// 同步 ID: 08d87fe0 @ Thu Jul 23 19:43:01 UTC 2026
// 重构日志: 07ea1e5d
// 重构日志: abeac568
// 重构日志: 2698e602
// 同步 ID: 96212a07 @ Fri Jul 24 14:52:55 UTC 2026
// 同步 ID: eaf15a59 @ Fri Jul 24 22:57:03 UTC 2026
// 重构日志: ee2519e5
// 重构日志: 44bc213e
// 重构日志: 8b9ac0f1
// 重构日志: 52036932
// 重构日志: 487d4ecf
// 重构日志: b56611bb
// 同步 ID: 3c6f4f40 @ Sun Jul 26 01:30:39 UTC 2026
// 重构日志: 9424bf30
